patching file arch/arm/dts/Makefile
  HOSTCC  scripts/basic/fixdep
  HOSTCC  scripts/kconfig/conf.o
  YACC    scripts/kconfig/zconf.tab.c
  LEX     scripts/kconfig/zconf.lex.c
  HOSTCC  scripts/kconfig/zconf.tab.o
  HOSTLD  scripts/kconfig/conf
#
# configuration written to .config
#
scripts/kconfig/conf  --syncconfig Kconfig
  UPD     include/config.h
  CFG     u-boot.cfg
  GEN     include/autoconf.mk.dep
  CFG     spl/u-boot.cfg
  GEN     include/autoconf.mk
  GEN     spl/include/autoconf.mk
  ENVC    include/generated/env.txt
  UPD     include/generated/timestamp_autogenerated.h
  HOSTCC  scripts/dtc/dtc.o
  HOSTCC  scripts/dtc/flattree.o
  HOSTCC  scripts/dtc/fstree.o
  PYMOD   rebuild
  HOSTCC  scripts/dtc/data.o
  HOSTCC  scripts/dtc/livetree.o
  HOSTCC  scripts/dtc/treesource.o
  HOSTCC  scripts/dtc/srcpos.o
  HOSTCC  scripts/dtc/checks.o
  HOSTCC  scripts/dtc/util.o
  LEX     scripts/dtc/dtc-lexer.lex.c
  YACC    scripts/dtc/dtc-parser.tab.h
  YACC    scripts/dtc/dtc-parser.tab.c
  UPD     include/generated/version_autogenerated.h
  ENVP    include/generated/env.in
  HOSTCC  scripts/dtc/dtc-lexer.lex.o
  HOSTCC  scripts/dtc/dtc-parser.tab.o
  ENVT    include/generated/environment.h
  CC      lib/asm-offsets.s
  CC      arch/arm/lib/asm-offsets.s
  HOSTLD  scripts/dtc/dtc
  LDS     u-boot.lds
  HOSTCC  tools/gen_eth_addr
  HOSTCC  tools/gen_ethaddr_crc.o
  WRAP    tools/generated/lib/crc8.c
  HOSTCC  tools/img2srec
  HOSTCC  tools/mkenvimage.o
  HOSTCC  tools/os_support.o
  WRAP    tools/generated/lib/crc32.c
  HOSTCC  tools/aisimage.o
  HOSTCC  tools/atmelimage.o
  HOSTCC  tools/fit_common.o
  HOSTCC  tools/fit_image.o
  HOSTCC  tools/image-host.o
  WRAP    tools/generated/boot/image-fit.c
  HOSTCC  tools/image-sig-host.o
  WRAP    tools/generated/boot/image-fit-sig.c
  WRAP    tools/generated/boot/image-cipher.c
  WRAP    tools/generated/boot/fdt_region.c
  WRAP    tools/generated/boot/bootm.c
  HOSTCC  tools/generated/lib/crc32.o
  HOSTCC  tools/default_image.o
  WRAP    tools/generated/lib/fdtdec_common.c
  WRAP    tools/generated/lib/fdtdec.c
  WRAP    tools/generated/boot/image.c
  WRAP    tools/generated/boot/image-host.c
  HOSTCC  tools/imagetool.o
  HOSTCC  tools/imximage.o
  HOSTCC  tools/imx8image.o
  HOSTCC  tools/imx8mimage.o
  HOSTCC  tools/kwbimage.o
  WRAP    tools/generated/lib/md5.c
  HOSTCC  tools/lpc32xximage.o
  HOSTCC  tools/mxsimage.o
  HOSTCC  tools/omapimage.o
  HOSTCC  tools/pblimage.o
  HOSTCC  tools/pbl_crc32.o
  HOSTCC  tools/renesas_spkgimage.o
  HOSTCC  tools/sfspl.o
  HOSTCC  tools/vybridimage.o
  HOSTCC  tools/stm32image.o
  WRAP    tools/generated/lib/rc4.c
  HOSTCC  tools/rkcommon.o
  HOSTCC  tools/rkimage.o
  HOSTCC  tools/rksd.o
  HOSTCC  tools/rkspi.o
  HOSTCC  tools/socfpgaimage.o
  HOSTCC  tools/sunxi_egon.o
  WRAP    tools/generated/lib/crc16-ccitt.c
  WRAP    tools/generated/lib/hash-checksum.c
  WRAP    tools/generated/lib/sha1.c
  WRAP    tools/generated/lib/sha256.c
  WRAP    tools/generated/lib/sha256_common.c
  WRAP    tools/generated/lib/sha512.c
  WRAP    tools/generated/common/hash.c
  HOSTCC  tools/ublimage.o
  HOSTCC  tools/zynqimage.o
  HOSTCC  tools/zynqmpimage.o
  HOSTCC  tools/zynqmpbif.o
  WRAP    tools/generated/lib/fdt-libcrypto.c
  HOSTCC  tools/sunxi_toc0.o
  HOSTCC  tools/libfdt/fdt.o
  HOSTCC  tools/libfdt/fdt_ro.o
  HOSTCC  tools/libfdt/fdt_wip.o
  HOSTCC  tools/libfdt/fdt_sw.o
  HOSTCC  tools/libfdt/fdt_rw.o
  HOSTCC  tools/libfdt/fdt_strerror.o
  HOSTCC  tools/libfdt/fdt_empty_tree.o
  HOSTCC  tools/libfdt/fdt_addresses.o
  HOSTCC  tools/libfdt/fdt_overlay.o
  HOSTCC  tools/gpimage.o
  HOSTCC  tools/gpimage-common.o
  HOSTCC  tools/mtk_image.o
  HOSTCC  tools/mtk_nand_headers.o
  WRAP    tools/generated/lib/ecdsa/ecdsa-libcrypto.c
  WRAP    tools/generated/lib/rsa/rsa-sign.c
  WRAP    tools/generated/lib/rsa/rsa-verify.c
  WRAP    tools/generated/lib/rsa/rsa-mod-exp.c
  WRAP    tools/generated/lib/aes/aes-encrypt.c
  WRAP    tools/generated/lib/aes/aes-decrypt.c
  HOSTCC  tools/dumpimage.o
  HOSTCC  tools/generated/boot/image-fit.o
  HOSTCC  tools/generated/boot/image-fit-sig.o
  HOSTCC  tools/generated/boot/image-cipher.o
  HOSTCC  tools/generated/boot/fdt_region.o
  HOSTCC  tools/generated/boot/bootm.o
  HOSTCC  tools/generated/lib/fdtdec_common.o
  HOSTCC  tools/generated/lib/fdtdec.o
  HOSTCC  tools/generated/boot/image.o
  HOSTCC  tools/generated/boot/image-host.o
  HOSTCC  tools/generated/lib/md5.o
  HOSTCC  tools/generated/lib/rc4.o
  HOSTCC  tools/generated/lib/crc16-ccitt.o
  HOSTCC  tools/generated/lib/hash-checksum.o
  HOSTCC  tools/generated/lib/sha1.o
  HOSTCC  tools/generated/lib/sha256.o
  HOSTCC  tools/generated/lib/sha256_common.o
  HOSTCC  tools/generated/lib/sha512.o
  HOSTCC  tools/generated/common/hash.o
  HOSTCC  tools/generated/lib/fdt-libcrypto.o
  HOSTCC  tools/generated/lib/ecdsa/ecdsa-libcrypto.o
  HOSTCC  tools/generated/lib/rsa/rsa-sign.o
  HOSTCC  tools/generated/lib/rsa/rsa-verify.o
  HOSTCC  tools/generated/lib/rsa/rsa-mod-exp.o
  HOSTCC  tools/generated/lib/aes/aes-encrypt.o
  HOSTCC  tools/generated/lib/aes/aes-decrypt.o
  HOSTCC  tools/mkimage.o
  HOSTCC  tools/fit_info.o
  HOSTCC  tools/fdt_add_pubkey.o
  WRAP    tools/generated/boot/image-pre-load.c
  HOSTCC  tools/preload_check_sign.o
  HOSTCC  tools/mksunxiboot
  HOSTCC  tools/sunxi-spl-image-builder.o
  WRAP    tools/generated/lib/bch.c
  HOSTCC  tools/proftool.o
  WRAP    tools/generated/lib/abuf.c
  HOSTCC  tools/fdtgrep.o
  HOSTCC  tools/spl_size_limit
  WRAP    tools/generated/lib/uuid.c
  HOSTCC  tools/mkeficapsule.o
  HOSTCC  tools/generated/lib/crc8.o
  HOSTLD  tools/mkenvimage
  HOSTLD  tools/dumpimage
  HOSTLD  tools/mkimage
  HOSTLD  tools/fit_info
  HOSTLD  tools/fdt_add_pubkey
  HOSTCC  tools/generated/boot/image-pre-load.o
  HOSTCC  tools/generated/lib/bch.o
  HOSTCC  tools/generated/lib/abuf.o
  HOSTLD  tools/fdtgrep
  HOSTCC  tools/generated/lib/uuid.o
  HOSTLD  tools/gen_ethaddr_crc
  HOSTLD  tools/preload_check_sign
  HOSTLD  tools/proftool
  HOSTLD  tools/mkeficapsule
  HOSTLD  tools/sunxi-spl-image-builder
  AR      arch/arm/cpu/built-in.o
  CC      arch/arm/cpu/armv7/cache_v7.o
  AS      arch/arm/lib/vectors.o
  CC      arch/arm/cpu/armv7/sunxi/psci.o
  CC      arch/arm/mach-sunxi/board.o
  AS      arch/arm/lib/crt0.o
  AS      arch/arm/lib/setjmp.o
  AS      arch/arm/lib/relocate.o
  CC      arch/arm/lib/bootm-fdt.o
  AS      arch/arm/cpu/armv7/cache_v7_asm.o
  AR      arch/arm/cpu/armv7/sunxi/built-in.o
  CC      arch/arm/mach-sunxi/cpu_info.o
  CC      arch/arm/mach-sunxi/dram_helpers.o
  CC      arch/arm/cpu/armv7/cpu.o
  CC      arch/arm/lib/bootm.o
  CC      arch/arm/mach-sunxi/clock_sun50i_h6.o
  CC      arch/arm/mach-sunxi/timer.o
  CC      arch/arm/cpu/armv7/cp15.o
  CC      arch/arm/cpu/armv7/syslib.o
  AS      arch/arm/cpu/armv7/sctlr.o
  CC      arch/arm/cpu/armv7/exception_level.o
  AR      arch/arm/mach-sunxi/built-in.o
  AS      arch/arm/cpu/armv7/lowlevel_init.o
  AS      arch/arm/cpu/armv7/nonsec_virt.o
  CC      arch/arm/cpu/armv7/virt-v7.o
  CC      arch/arm/cpu/armv7/virt-dt.o
  CC      arch/arm/lib/zimage.o
  AS      arch/arm/cpu/armv7/psci.o
  CC      arch/arm/cpu/armv7/psci-common.o
  AS      arch/arm/lib/memset.o
  AS      arch/arm/cpu/armv7/start.o
  AS      arch/arm/lib/memcpy.o
  CC      board/sunxi/board.o
  CC      arch/arm/lib/bdinfo.o
  CC      boot/bootm.o
  AR      arch/arm/cpu/armv7/built-in.o
  CC      boot/bootm_os.o
  CC      arch/arm/lib/sections.o
  CC      arch/arm/lib/stack.o
  CC      arch/arm/lib/interrupts.o
  AR      board/sunxi/built-in.o
  CC      boot/pxe_utils.o
  AR      cmd/arm/built-in.o
  CC      cmd/boot.o
  CC      arch/arm/lib/cache.o
  CC      arch/arm/lib/cache-cp15.o
  CC      cmd/bootm.o
  CC      arch/arm/lib/psci-dt.o
  CC      common/init/board_init.o
  AS      arch/arm/lib/ashldi3.o
  AS      arch/arm/lib/ashrdi3.o
  CC      arch/arm/lib/div0.o
  AS      arch/arm/lib/div64.o
  CC      cmd/help.o
  AR      common/init/built-in.o
  CC      common/main.o
  AS      arch/arm/lib/lib1funcs.o
  AS      arch/arm/lib/lshrdi3.o
  AS      arch/arm/lib/muldi3.o
  CC      cmd/panic.o
  AS      arch/arm/lib/uldivmod.o
  CC      arch/arm/lib/eabi_compat.o
  CC      cmd/version.o
  AR      arch/arm/lib/built-in.o
  CC      common/memtop.o
  AR      arch/arm/lib/lib.a
  CC      disk/part.o
  CC      cmd/blk_common.o
  CC      boot/image.o
  CC      cmd/bootflow.o
  CC      common/exports.o
  CC      common/cli_getch.o
  CC      cmd/source.o
  CC      common/cli_simple.o
  CC      cmd/bdinfo.o
  CC      boot/image-board.o
  CC      disk/disk-uclass.o
  CC      common/cli_readline.o
  CC      cmd/bind.o
  CC      disk/part_dos.o
  CC      boot/bootdev-uclass.o
  CC      cmd/blkcache.o
  CC      common/cli_hush.o
  CC      cmd/bootefi.o
  CC      disk/part_iso.o
  CC      cmd/bootz.o
  CC      disk/part_efi.o
  CC      cmd/console.o
  CC      cmd/dm.o
  CC      cmd/cyclic.o
  CC      boot/bootflow.o
  CC      common/autoboot.o
  AR      disk/built-in.o
  CC      boot/bootmeth-uclass.o
  CC      cmd/echo.o
  CC      cmd/eficonfig.o
  CC      common/version.o
  CC      common/board_f.o
  CC      common/board_r.o
  CC      boot/bootstd-uclass.o
  CC      common/board_info.o
  CC      boot/bootmeth_extlinux.o
  CC      common/miiphyutil.o
  CC      common/usb.o
  CC      boot/bootmeth_pxe.o
  CC      common/splash.o
  CC      boot/bootmeth_efi.o
  CC      cmd/elf.o
  CC      common/menu.o
  CC      boot/bootmeth_efi_mgr.o
  CC      cmd/exit.o
  CC      cmd/ext4.o
  AR      drivers/ata/built-in.o
  AR      drivers/axi/built-in.o
  CC      cmd/ext2.o
  CC      common/console.o
  CC      drivers/block/blk-uclass.o
  CC      boot/fdt_support.o
  CC      cmd/fat.o
  CC      cmd/fdt.o
  CC      common/dlmalloc.o
  CC      drivers/block/blkcache.o
  AR      drivers/block/built-in.o
  AR      drivers/bus/built-in.o
  AR      drivers/cache/built-in.o
  AR      drivers/clk/adi/built-in.o
  AR      drivers/clk/airoha/built-in.o
  AR      drivers/clk/analogbits/built-in.o
  AR      drivers/clk/imx/built-in.o
  CC      drivers/clk/sunxi/clk_sunxi.o
  CC      cmd/fs.o
  CC      common/malloc_simple.o
  CC      cmd/gpio.o
  CC      drivers/clk/sunxi/clk_sun6i_rtc.o
  CC      boot/image-fdt.o
  CC      common/cyclic.o
  CC      drivers/clk/sunxi/clk_d1.o
  AR      drivers/clk/sunxi/built-in.o
  AR      drivers/clk/tegra/built-in.o
  CC      cmd/itest.o
  AR      drivers/clk/ti/built-in.o
  CC      common/event.o
  CC      drivers/clk/clk-uclass.o
  CC      boot/image-fit.o
  CC      cmd/load.o
  CC      common/hash.o
  CC      common/memsize.o
  CC      drivers/clk/clk_fixed_rate.o
  CC      common/stdio.o
  CC      drivers/clk/clk_fixed_factor.o
  CC      cmd/mem.o
  CC      common/cli.o
  CC      common/command.o
  AR      drivers/clk/built-in.o
  CC      drivers/core/device.o
  CC      boot/vbe.o
  CC      cmd/mii.o
  CC      boot/vbe_request.o
  CC      common/s_record.o
  CC      boot/vbe_simple.o
  CC      cmd/sleep.o
  CC      common/xyzModem.o
  CC      cmd/mmc.o
  CC      drivers/core/fdtaddr.o
  CC      boot/vbe_common.o
  CC      drivers/core/lists.o
  CC      boot/vbe_simple_os.o
  AR      common/built-in.o
  AR      drivers/usb/cdns3/built-in.o
  CC      drivers/usb/common/common.o
  AR      boot/built-in.o
  CC      drivers/core/root.o
  CC      cmd/net.o
  AR      drivers/usb/common/built-in.o
  AR      drivers/usb/dwc3/built-in.o
  AR      drivers/usb/emul/built-in.o
  AR      drivers/usb/eth/built-in.o
  CC      drivers/core/uclass.o
  CC      cmd/net-common.o
  CC      cmd/nvedit.o
  CC      cmd/part.o
  CC      drivers/core/util.o
  AR      drivers/crypto/aspeed/built-in.o
  CC      drivers/crypto/fsl/sec.o
  CC      drivers/core/tag.o
  AR      drivers/crypto/fsl/built-in.o
  AR      drivers/crypto/hash/built-in.o
  CC      cmd/pinmux.o
  AR      drivers/crypto/nuvoton/built-in.o
  AR      drivers/crypto/rsa_mod_exp/built-in.o
  AR      drivers/crypto/built-in.o
  AR      drivers/dfu/built-in.o
  CC      drivers/gpio/gpio-uclass.o
  CC      drivers/i2c/i2c-uclass.o
  CC      drivers/core/device-remove.o
  CC      cmd/pxe.o
  CC      drivers/core/simple-bus.o
  CC      cmd/setexpr.o
  CC      drivers/core/dump.o
  AR      drivers/i2c/built-in.o
  CC      drivers/input/key_matrix.o
  CC      cmd/sysboot.o
  CC      drivers/gpio/sunxi_gpio.o
  CC      drivers/core/of_extra.o
  CC      cmd/test.o
  CC      drivers/input/input.o
  CC      drivers/core/ofnode.o
  AR      drivers/gpio/built-in.o
  AR      drivers/iommu/built-in.o
  AR      drivers/mailbox/built-in.o
  CC      cmd/ximg.o
  AR      drivers/memory/built-in.o
  CC      drivers/input/keyboard-uclass.o
  CC      drivers/core/read_extra.o
  CC      cmd/gpt.o
  AR      drivers/input/built-in.o
  AR      drivers/mfd/built-in.o
  AR      drivers/misc/built-in.o
  CC      drivers/mmc/mmc.o
  CC      drivers/core/ofnode_graph.o
  CC      drivers/mmc/mmc-uclass.o
  CC      drivers/mmc/mmc_bootdev.o
  AR      cmd/built-in.o
  CC      drivers/mmc/mmc_write.o
  CC      drivers/mmc/sunxi_mmc.o
  AR      drivers/core/built-in.o
  AR      drivers/mtd/nand/built-in.o
  AR      drivers/mtd/onenand/built-in.o
  AR      drivers/mtd/spi/built-in.o
  AR      drivers/mtd/built-in.o
  AR      drivers/net/mscc_eswitch/built-in.o
  AR      drivers/net/phy/built-in.o
  AR      drivers/net/qe/built-in.o
  AR      drivers/net/ti/built-in.o
  AR      drivers/net/built-in.o
  CC      drivers/phy/allwinner/phy-sun4i-usb.o
  CC      drivers/usb/gadget/epautoconf.o
  AR      drivers/pinctrl/broadcom/built-in.o
  AR      drivers/pinctrl/nxp/built-in.o
  CC      drivers/pinctrl/sunxi/pinctrl-sunxi.o
  CC      drivers/usb/gadget/config.o
  AR      drivers/phy/allwinner/built-in.o
  CC      drivers/usb/gadget/usbstring.o
  AR      drivers/phy/cadence/built-in.o
  AR      drivers/pinctrl/sunxi/built-in.o
  CC      drivers/pinctrl/pinctrl-uclass.o
  AR      drivers/phy/marvell/built-in.o
  AR      drivers/phy/qcom/built-in.o
  AR      drivers/phy/renesas/built-in.o
  AR      drivers/phy/rockchip/built-in.o
  AR      drivers/phy/socionext/built-in.o
  AR      drivers/phy/starfive/built-in.o
  AR      drivers/phy/ti/built-in.o
  CC      drivers/phy/phy-uclass.o
  AR      drivers/usb/gadget/built-in.o
  CC      drivers/usb/gadget/udc/udc-uclass.o
  CC      drivers/pinctrl/pinctrl-generic.o
  AR      drivers/usb/gadget/udc/built-in.o
  CC      drivers/usb/host/usb-uclass.o
  AR      drivers/mmc/built-in.o
  AR      drivers/power/pmic/built-in.o
  CC      drivers/power/regulator/regulator-uclass.o
  AR      drivers/phy/built-in.o
  AR      drivers/pinctrl/built-in.o
  AR      drivers/pwm/built-in.o
  CC      drivers/reset/reset-uclass.o
  AR      drivers/rtc/built-in.o
  AR      drivers/scsi/built-in.o
  CC      drivers/serial/serial-uclass.o
  CC      drivers/power/regulator/regulator_common.o
  CC      drivers/serial/ns16550.o
  CC      drivers/reset/reset-sunxi.o
  AR      drivers/usb/host/built-in.o
  AR      drivers/usb/isp1760/built-in.o
  CC      drivers/power/regulator/fixed.o
  AR      drivers/usb/mtu3/built-in.o
  AR      drivers/smem/built-in.o
  AR      drivers/soc/built-in.o
  AR      drivers/sound/built-in.o
  AR      drivers/spmi/built-in.o
  CC      drivers/sysreset/sysreset-uclass.o
  AR      drivers/reset/built-in.o
  AR      drivers/thermal/built-in.o
  AR      drivers/ufs/built-in.o
  AR      drivers/power/regulator/built-in.o
  CC      drivers/watchdog/wdt-uclass.o
  AR      drivers/power/built-in.o
  CC      drivers/watchdog/sunxi_wdt.o
  CC      drivers/sysreset/sysreset_watchdog.o
  AR      drivers/serial/built-in.o
  AR      drivers/usb/musb/built-in.o
  AR      drivers/usb/phy/built-in.o
  AR      drivers/usb/tcpm/built-in.o
  AR      drivers/sysreset/built-in.o
  AR      drivers/usb/musb-new/built-in.o
  AR      drivers/usb/ulpi/built-in.o
  CC      env/common.o
  CC      fs/ext4/ext4fs.o
  AR      lib/crypto/built-in.o
  AR      drivers/watchdog/built-in.o
  CC      lib/efi_driver/efi_uclass.o
  AR      drivers/built-in.o
  CC      fs/fat/fat_write.o
  CC      lib/efi_driver/efi_block_device.o
  CC      env/env.o
  AR      lib/efi_driver/built-in.o
  CC      lib/efi_loader/efi_freestanding.o
  CC      lib/efi_loader/efi_bootmgr.o
  CC      env/attr.o
  CC      env/flags.o
  CC      fs/ext4/ext4_common.o
  CC      env/callback.o
  CC      lib/efi_loader/efi_bootbin.o
  CC      env/fat.o
  CC      fs/ext4/dev.o
  CC      lib/efi_loader/efi_boottime.o
  AR      env/built-in.o
  CC      net/arp.o
  AR      fs/ext4/built-in.o
  CC      net/bootp.o
  CC      net/net.o
  CC      spl/./lib/asm-offsets.s
  CC      spl/./arch/arm/lib/asm-offsets.s
  LDS     spl/u-boot-spl.lds
  CC      spl/arch/arm/mach-sunxi/board.o
  AR      fs/fat/built-in.o
  CC      fs/fs.o
  CC      spl/arch/arm/mach-sunxi/cpu_info.o
  CC      net/ping.o
  CC      spl/arch/arm/mach-sunxi/dram_helpers.o
  CC      spl/arch/arm/mach-sunxi/clock_sun50i_h6.o
  CC      net/tftp.o
  CC      spl/arch/arm/mach-sunxi/timer.o
  CC      lib/efi_loader/efi_helper.o
  CC      spl/arch/arm/mach-sunxi/clock.o
  AR      spl/arch/arm/mach-sunxi/built-in.o
  AS      spl/arch/arm/cpu/armv7/sunxi/fel_utils.o
  AR      spl/arch/arm/cpu/armv7/sunxi/built-in.o
  CC      net/eth-uclass.o
  CC      spl/arch/arm/cpu/armv7/cache_v7.o
  AS      spl/arch/arm/cpu/armv7/cache_v7_asm.o
  CC      fs/fs_internal.o
  CC      spl/arch/arm/cpu/armv7/cpu.o
  CC      spl/arch/arm/cpu/armv7/cp15.o
  CC      lib/efi_loader/efi_console.o
  CC      spl/arch/arm/cpu/armv7/syslib.o
  AR      fs/built-in.o
  AS      spl/arch/arm/cpu/armv7/lowlevel_init.o
  AS      spl/arch/arm/cpu/armv7/nonsec_virt.o
  CC      net/eth_bootdev.o
  CC      spl/arch/arm/cpu/armv7/virt-v7.o
  CC      net/eth_common.o
  CC      spl/arch/arm/cpu/armv7/virt-dt.o
  CC      lib/efi_loader/efi_device_path.o
  AS      spl/arch/arm/cpu/armv7/psci.o
  CC      net/net-common.o
  CC      spl/arch/arm/cpu/armv7/psci-common.o
  AR      net/built-in.o
  AS      spl/arch/arm/cpu/armv7/start.o
  CC      lib/efi_loader/efi_device_path_to_text.o
  AR      spl/arch/arm/cpu/armv7/built-in.o
  CC      lib/efi_loader/efi_device_path_utilities.o
  AR      spl/arch/arm/cpu/built-in.o
  AS      spl/arch/arm/lib/vectors.o
  AS      spl/arch/arm/lib/crt0.o
  AS      spl/arch/arm/lib/setjmp.o
  CC      spl/arch/arm/lib/spl.o
  CC      lib/efi_loader/efi_dt_fixup.o
  CC      spl/arch/arm/lib/zimage.o
  CC      lib/efi_loader/efi_fdt.o
  CC      spl/arch/arm/lib/bootm-fdt.o
  CC      spl/board/sunxi/board.o
  CC      spl/common/spl/spl.o
  CC      lib/efi_loader/efi_file.o
  AS      spl/arch/arm/lib/memset.o
  AS      spl/arch/arm/lib/memcpy.o
  CC      spl/arch/arm/lib/bdinfo.o
  CC      spl/arch/arm/lib/sections.o
  CC      spl/arch/arm/lib/stack.o
  AR      spl/board/sunxi/built-in.o
  CC      spl/common/init/board_init.o
  CC      spl/common/spl/spl_legacy.o
  CC      spl/arch/arm/lib/interrupts.o
  AR      spl/common/init/built-in.o
  CC      spl/boot/image.o
  CC      spl/common/spl/spl_mmc.o
  CC      spl/arch/arm/lib/reset.o
  CC      spl/arch/arm/lib/cache.o
  AR      spl/common/spl/built-in.o
  CC      lib/efi_loader/efi_hii.o
  CC      spl/common/console.o
  CC      spl/arch/arm/lib/cache-cp15.o
  CC      spl/boot/image-board.o
  CC      spl/arch/arm/lib/psci-dt.o
  AR      spl/boot/built-in.o
  CC      spl/common/dlmalloc.o
  AR      spl/cmd/built-in.o
  AS      spl/arch/arm/lib/ashldi3.o
  AS      spl/arch/arm/lib/ashrdi3.o
  CC      spl/common/malloc_simple.o
  CC      spl/arch/arm/lib/div0.o
  AS      spl/arch/arm/lib/div64.o
  AS      spl/arch/arm/lib/lib1funcs.o
  AS      spl/arch/arm/lib/lshrdi3.o
  CC      spl/common/cyclic.o
  AS      spl/arch/arm/lib/muldi3.o
  AS      spl/arch/arm/lib/uldivmod.o
  CC      spl/arch/arm/lib/eabi_compat.o
  AR      spl/arch/arm/lib/built-in.o
  AR      spl/arch/arm/lib/lib.a
  CC      lib/efi_loader/efi_hii_config.o
  CC      lib/libfdt/fdt.o
  CC      lib/zlib/zlib.o
  CC      lib/efi_loader/efi_image_loader.o
  CC      spl/common/memsize.o
  CC      lib/libfdt/fdt_ro.o
  CC      spl/common/stdio.o
  CC      lib/efi_loader/efi_load_options.o
  CC      lib/efi_loader/efi_memory.o
  CC      spl/common/cli.o
  CC      spl/common/command.o
  CC      lib/efi_loader/efi_root_node.o
  CC      lib/libfdt/fdt_wip.o
  CC      lib/efi_loader/efi_runtime.o
  AR      lib/zlib/built-in.o
  CC      lib/binman.o
  CC      lib/libfdt/fdt_strerror.o
  CC      spl/common/s_record.o
  CC      lib/charset.o
  CC      lib/libfdt/fdt_sw.o
  CC      spl/common/xyzModem.o
  CC      lib/efi_loader/efi_setup.o
  CC      lib/efi_loader/efi_string.o
  AR      spl/common/built-in.o
  CC      lib/crc8.o
  AR      spl/env/built-in.o
  CC      lib/libfdt/fdt_rw.o
  AR      spl/lib/crypto/built-in.o
  CC      spl/lib/crc8.o
  CC      lib/efi_loader/efi_unicode_collation.o
  CC      lib/fdtdec_common.o
  CC      spl/lib/hash-checksum.o
  CC      lib/smbios.o
  CC      spl/lib/sha1.o
  CC      lib/efi_loader/efi_var_common.o
  CC      lib/libfdt/fdt_empty_tree.o
  CC      lib/efi_loader/efi_var_mem.o
  CC      lib/libfdt/fdt_addresses.o
  CC      lib/efi_loader/efi_variable.o
  CC      lib/libfdt/fdt_overlay.o
  CC      spl/lib/sha256_common.o
  CC      spl/lib/sha256.o
  AR      spl/disk/built-in.o
  CC      lib/efi_loader/efi_var_file.o
  CC      spl/drivers/block/blk_legacy.o
  CC      lib/efi_loader/efi_watchdog.o
  AR      lib/libfdt/built-in.o
  CC      lib/ldiv.o
  AR      spl/drivers/block/built-in.o
  CC      lib/efi_loader/efi_disk.o
  AR      spl/drivers/bus/built-in.o
  CC      lib/net_utils.o
  CC      spl/drivers/gpio/sunxi_gpio.o
  CC      lib/rc4.o
  CC      lib/list_sort.o
  AR      spl/drivers/gpio/built-in.o
  CC      spl/drivers/mmc/mmc.o
  CC      lib/crc16.o
  CC      lib/efi_loader/efi_net.o
  CC      lib/crc16-ccitt.o
  AR      spl/dts/built-in.o
  CC      spl/fs/fs_internal.o
  CC      spl/lib/net_utils.o
  CC      spl/lib/qsort.o
  AR      spl/fs/built-in.o
  CC      spl/lib/hashtable.o
  CC      spl/lib/errno.o
  CC      spl/lib/display_options.o
  CC      lib/efi_loader/efi_smbios.o
  CC      spl/lib/ctype.o
  CC      lib/efi_loader/efi_load_initrd.o
  CC      lib/efi_loader/efi_conformance.o
  CC      spl/lib/div64.o
  CC      lib/efi_loader/helloworld.o
  AS      lib/efi_loader/efi_crt0.o
  CC      spl/lib/hang.o
  CC      spl/lib/linux_compat.o
  CC      spl/drivers/mmc/mmc_legacy.o
  CC      spl/lib/linux_string.o
  CC      lib/efi_loader/efi_reloc.o
  CC      spl/lib/membuf.o
  CC      lib/efi_loader/smbiosdump.o
  CC      spl/drivers/mmc/sunxi_mmc.o
  CC      spl/lib/slre.o
  AR      spl/drivers/mmc/built-in.o
  AR      spl/drivers/mtd/built-in.o
  AR      spl/drivers/power/pmic/built-in.o
  AR      spl/drivers/power/regulator/built-in.o
  AR      spl/drivers/power/built-in.o
  CC      lib/efi_loader/initrddump.o
  CC      spl/drivers/ram/sunxi/dram_sun20i_d1.o
  CC      spl/drivers/serial/serial.o
  CC      spl/lib/string.o
  CC      lib/efi_loader/dtbdump.o
  CC      spl/drivers/serial/serial_ns16550.o
  AR      spl/drivers/ram/sunxi/built-in.o
  AR      spl/drivers/ram/built-in.o
  AR      spl/drivers/soc/built-in.o
  CC      spl/drivers/serial/ns16550.o
  CC      spl/lib/tables_csum.o
  CC      lib/efi_loader/testapp.o
  CC      spl/lib/time.o
  AR      lib/efi_loader/built-in.o
  CC      spl/lib/hexdump.o
  LD      lib/efi_loader/helloworld_efi.so
  AR      spl/drivers/serial/built-in.o
  LD      lib/efi_loader/smbiosdump_efi.so
  AR      spl/drivers/built-in.o
  LD      lib/efi_loader/initrddump_efi.so
  LD      lib/efi_loader/dtbdump_efi.so
  CC      lib/hash-checksum.o
  LD      lib/efi_loader/testapp_efi.so
  OBJCOPY lib/efi_loader/helloworld.efi
  OBJCOPY lib/efi_loader/smbiosdump.efi
  OBJCOPY lib/efi_loader/initrddump.efi
  OBJCOPY lib/efi_loader/dtbdump.efi
  OBJCOPY lib/efi_loader/testapp.efi
  CC      spl/lib/uuid.o
  CC      spl/lib/rand.o
  CC      spl/lib/panic.o
  CC      lib/md5.o
  CC      spl/lib/tiny-printf.o
  CC      spl/lib/strto.o
  CC      spl/lib/abuf.o
  CC      lib/sha1.o
  CC      spl/lib/alist.o
  CC      spl/lib/date.o
  CC      spl/lib/rtc-lib.o
  CC      spl/lib/elf.o
  CC      lib/sha256_common.o
  CC      lib/sha256.o
  CC      lib/gunzip.o
  AR      spl/lib/built-in.o
  LD      spl/u-boot-spl
  OBJCOPY spl/u-boot-spl-nodtb.bin
  SYM     spl/u-boot-spl.sym
  COPY    spl/u-boot-spl.bin
  MKIMAGE spl/sunxi-spl.bin
  CC      lib/fdtdec.o
  CC      lib/qsort.o
  CC      lib/hashtable.o
  CC      lib/errno.o
  CC      lib/display_options.o
  CC      lib/crc32.o
  CC      lib/ctype.o
  CC      lib/div64.o
  CC      lib/hang.o
  CC      lib/linux_compat.o
  CC      lib/linux_string.o
  CC      lib/lmb.o
  CC      lib/membuf.o
  CC      lib/slre.o
  CC      lib/string.o
  CC      lib/tables_csum.o
  CC      lib/time.o
  CC      lib/hexdump.o
  CC      lib/uuid.o
  CC      lib/rand.o
  CC      lib/panic.o
  CC      lib/vsprintf.o
  CC      lib/strto.o
  CC      lib/abuf.o
  CC      lib/alist.o
  CC      lib/date.o
  CC      lib/rtc-lib.o
  CC      lib/elf.o
  AR      lib/built-in.o
  LD      u-boot
  OBJCOPY u-boot.srec
  OBJCOPY u-boot-nodtb.bin
  SYM     u-boot.sym
  DTC     arch/arm/dts/sun8i-t113s-saxo.dtb
  SHIPPED dts/dt.dtb
  CAT     u-boot-dtb.bin
  COPY    u-boot.dtb
  COPY    u-boot.bin
  MKIMAGE u-boot.img
  MKIMAGE u-boot-dtb.img
  BINMAN  .binman_stamp
  OFCHK   .config
