HEAD is now at b0d8acc71 Linux 6.16.9
Removing arch/arm/boot/dts/allwinner/sun8i-t113s-saxo-gateway.dts
Removing arch/arm/boot/dts/allwinner/sunxi-d1s-t113s-saxo.dtsi
patching file arch/arm/boot/dts/allwinner/Makefile
patching file arch/riscv/boot/dts/allwinner/sunxi-d1s-t113.dtsi
#
# configuration written to .config
#
  SYNC    include/config/auto.conf
  DTC     arch/arm/boot/dts/allwinner/sun8i-t113s-mangopi-mq-r-t113.dtb
  DTC     arch/arm/boot/dts/allwinner/sun8i-t113s-saxo-gateway.dtb
  CALL    scripts/checksyscalls.sh
  Kernel: arch/arm/boot/Image is ready
  Kernel: arch/arm/boot/zImage is ready
Image Name:   SAXO Linux Kernel (T113-S3)
Created:      Mon Apr  6 00:57:47 2026
Image Type:   ARM Linux Kernel Image (uncompressed)
Data Size:    6319600 Bytes = 6171.48 KiB = 6.03 MiB
Load Address: 41800000
Entry Point:  41800000
SAXO Linux Kernel (T113-S3): uImage generado
