patching file arch/arm/dts/Makefile
#
# configuration written to .config
#
scripts/kconfig/conf  --syncconfig Kconfig
  CFG     u-boot.cfg
  GEN     include/autoconf.mk.dep
  CFG     spl/u-boot.cfg
  GEN     include/autoconf.mk
  GEN     spl/include/autoconf.mk
  ENVC    include/generated/env.txt
  UPD     include/generated/timestamp_autogenerated.h
  ENVP    include/generated/env.in
  ENVT    include/generated/environment.h
  CC      common/version.o
  AR      common/built-in.o
  CC      env/common.o
  AR      env/built-in.o
  LD      u-boot
  CC      spl/common/spl/spl.o
  AR      spl/common/spl/built-in.o
  LD      spl/u-boot-spl
  OBJCOPY u-boot.srec
  OBJCOPY u-boot-nodtb.bin
  SYM     u-boot.sym
  OBJCOPY spl/u-boot-spl-nodtb.bin
  SYM     spl/u-boot-spl.sym
  DTC     arch/arm/dts/sun8i-t113s-saxo.dtb
  COPY    spl/u-boot-spl.bin
  MKIMAGE spl/sunxi-spl.bin
  SHIPPED dts/dt.dtb
  CAT     u-boot-dtb.bin
  COPY    u-boot.dtb
  COPY    u-boot.bin
  MKIMAGE u-boot.img
  MKIMAGE u-boot-dtb.img
  BINMAN  .binman_stamp
  OFCHK   .config
